[backblue.gif]
[fade.gif]
[index.html]
[www.smartsuppchat.com/loaderd41d.js]
[solidcoinsfx.world/assets/favicons/apple-touch-icon.png]
[solidcoinsfx.world/assets/favicons/favicon-32x32.png]
[solidcoinsfx.world/assets/favicons/favicon-16x16.png]
[solidcoinsfx.world/assets/img/logo.png]
[translate.google.com/translate_a/elementa0d8.js]
[solidcoinsfx.world/assets/img/bg/phone.png]
[solidcoinsfx.world/assets/img/bg/triangles-sm.png]
[solidcoinsfx.world/assets/img/bg/triangles-md.png]
[solidcoinsfx.world/assets/img/bg/triangles-lg.png]
[solidcoinsfx.world/assets/img/bg/dots-sm.png]
[solidcoinsfx.world/assets/img/bg/dots-lg.png]
[solidcoinsfx.world/assets/img/bg/star.png]
[solidcoinsfx.world/assets/img/bg/macbook.png]
[solidcoinsfx.world/assets/img/iphone/icon1.png]
[solidcoinsfx.world/assets/img/iphone/icon1-a.png]
[solidcoinsfx.world/assets/img/iphone/icon2.png]
[solidcoinsfx.world/assets/img/iphone/icon2-a.png]
[solidcoinsfx.world/assets/img/iphone/icon3.png]
[solidcoinsfx.world/assets/img/iphone/icon3-a.png]
[solidcoinsfx.world/assets/img/iphone/icon4.png]
[solidcoinsfx.world/assets/img/iphone/icon4-a.png]
[solidcoinsfx.world/assets/pdf/certif.png]
[solidcoinsfx.world/assets/img/icons/logo-advantsges.png]
[solidcoinsfx.world/assets/img/icons/money.png]
[solidcoinsfx.world/assets/img/icons/people.png]
[solidcoinsfx.world/assets/img/icons/withdraw.png]
[solidcoinsfx.world/assets/img/icons/computer-processor.png]
[solidcoinsfx.world/assets/img/icons/technology-w.png]
[solidcoinsfx.world/assets/img/icons/light-bulb.png]
[solidcoinsfx.world/images/1005.gif]
[img.youtube.com/vi/NUGMXh5gd0c/maxresdefault.jpg]
[img.youtube.com/vi/TMwESg2O4Xc/maxresdefault.jpg]
[img.youtube.com/vi/9uetfiqRVKc/maxresdefault.jpg]
[solidcoinsfx.world/assets/img/pay/around49/bitcoin.png]
[solidcoinsfx.world/assets/img/pay/around49/payeer.png]
[solidcoinsfx.world/assets/img/pay/around49/pm.png]
[solidcoinsfx.world/assets/img/pay/around49/litecoin.png]
[solidcoinsfx.world/assets/img/pay/around49/Z-cash.png]
[solidcoinsfx.world/assets/img/pay/around49/eth.png]
[solidcoinsfx.world/assets/img/pay/around49/bitcoin-cash.png]
[solidcoinsfx.world/assets/img/icons/btc-log.png]
[solidcoinsfx.world/assets/libs/jquery/dist/jquery.min.js]
[solidcoinsfx.world/assets/js/main.js]
[solidcoinsfx.world/assets/libs/ResponsiveTables/ng_responsive_tables.js]
[solidcoinsfx.world/assets/libs/clipboard.js/clipboard.min.js]
[solidcoinsfx.world/assets/libs/bootstrap-sweetalert/sweetalert.min.js]
[solidcoinsfx.world/assets/libs/magnific-popup/jquery.magnific-popup.min.js]
[solidcoinsfx.world/assets/libs/jQueryFormStyler/jquery.formstyler.min.js]
[solidcoinsfx.world/assets/libs/jquery-circle-progress/circle-progress.min.js]
[solidcoinsfx.world/assets/libs/waypoints/jquery.waypoints.min.js]
[solidcoinsfx.world/assets/libs/slick/slick.min.js]
[solidcoinsfx.world/assets/libs/wow/wow.min.js]
[solidcoinsfx.world/assets/libs/parallax.min.js]
[solidcoinsfx.world/assets/js/common.js]
[cdnjs.cloudflare.com/ajax/libs/parallax/3.1.0/parallax.min.js]
[solidcoinsfx.world/assets/js/graph.js]
[solidcoinsfx.world/index.html]
[solidcoinsfx.world/“https_/www.smartsupp.html]
[solidcoinsfx.world/assets/favicons/site.html]
[solidcoinsfx.world/assets/favicons/safari-pinned-tab.svg]
[solidcoinsfx.world/assets/libs/fontawesome-free-5.0.8/webfonts/fa-brands-400.eot]
[solidcoinsfx.world/assets/libs/fontawesome-free-5.0.8/webfonts/fa-brands-400d41dd41d.eot]
[solidcoinsfx.world/assets/libs/fontawesome-free-5.0.8/webfonts/fa-brands-400.woff]
[cdnjs.cloudflare.com/ajax/libs/Chart.js/2.4.0/Chart.min.js]
[solidcoinsfx.world/assets/libs/fontawesome-free-5.0.8/webfonts/fa-brands-400.ttf]
[solidcoinsfx.world/assets/libs/fontawesome-free-5.0.8/css/fa-brands.min.css]
[solidcoinsfx.world/assets/libs/fontawesome-free-5.0.8/css/fontawesome-all.min.css]
[solidcoinsfx.world/assets/libs/flag-icon/css/flag-icon.min.css]
[solidcoinsfx.world/assets/libs/ResponsiveTables/ng_responsive_tables.css]
[solidcoinsfx.world/assets/libs/bootstrap-sweetalert/sweetalert.css]
[solidcoinsfx.world/assets/libs/magnific-popup/magnific-popup.css]
[solidcoinsfx.world/assets/libs/jQueryFormStyler/jquery.formstyler.theme.css]
[solidcoinsfx.world/assets/libs/jQueryFormStyler/jquery.formstyler.css]
[solidcoinsfx.world/assets/libs/animate.css/animate.min.css]
[solidcoinsfx.world/assets/libs/slick/ajax-loader.gif]
[solidcoinsfx.world/assets/libs/slick/slick-theme.css]
[solidcoinsfx.world/assets/libs/slick/slick.css]
[solidcoinsfx.world/jivosite/jivosite.html]
[solidcoinsfx.world/jivosite/jivosite-2.html]
[solidcoinsfx.world/assets/fonts/movavi-grotesque-black/movavi-grotesque-blackd41dd41d.eot]
[solidcoinsfx.world/assets/fonts/movavi-grotesque-black/movavi-grotesque-black.woff]
[solidcoinsfx.world/assets/fonts/movavi-grotesque-black/movavi-grotesque-black.ttf]
[solidcoinsfx.world/assets/fonts/OpenSansBold/OpenSansBoldd41dd41d.eot]
[solidcoinsfx.world/assets/fonts/OpenSansBold/OpenSansBold.woff]
[solidcoinsfx.world/assets/fonts/OpenSansBold/OpenSansBold.ttf]
[solidcoinsfx.world/assets/fonts/OpenSansRegular/OpenSansRegulard41dd41d.eot]
[solidcoinsfx.world/assets/fonts/OpenSansRegular/OpenSansRegular.woff]
[solidcoinsfx.world/assets/fonts/OpenSansRegular/OpenSansRegular.ttf]
[solidcoinsfx.world/assets/fonts/OpenSansLight/OpenSansLightd41dd41d.eot]
[solidcoinsfx.world/assets/fonts/OpenSansLight/OpenSansLight.woff]
[solidcoinsfx.world/assets/fonts/OpenSansLight/OpenSansLight.ttf]
[solidcoinsfx.world/assets/fonts/OpenSansSemiBold/OpenSansSemiBoldd41dd41d.eot]
[solidcoinsfx.world/assets/fonts/OpenSansSemiBold/OpenSansSemiBold.woff]
[solidcoinsfx.world/assets/fonts/OpenSansSemiBold/OpenSansSemiBold.ttf]
[solidcoinsfx.world/assets/fonts/OpenSansExtraBold/OpenSansExtraBoldd41dd41d.eot]
[solidcoinsfx.world/assets/fonts/OpenSansExtraBold/OpenSansExtraBold.woff]
[solidcoinsfx.world/assets/fonts/OpenSansExtraBold/OpenSansExtraBold.ttf]
[solidcoinsfx.world/assets/img/sprite.png]
[solidcoinsfx.world/assets/img/bg/pattern.png]
[solidcoinsfx.world/assets/img/bg/bg_footer-main.png]
[solidcoinsfx.world/assets/img/icons/play.png]
[solidcoinsfx.world/assets/img/bg/bg_contact.png]
[solidcoinsfx.world/assets/img/bg/shadow-contact.png]
[solidcoinsfx.world/assets/img/bg/pattern-left.png]
[solidcoinsfx.world/assets/img/icons/right-quote-sign.png]
[solidcoinsfx.world/assets/img/icons/shield-with-lock.png]
[solidcoinsfx.world/assets/img/icons/increased-revenue.png]
[solidcoinsfx.world/assets/img/icons/percentage.png]
[solidcoinsfx.world/assets/img/icons/dark-ray.png]
[solidcoinsfx.world/assets/img/icons/technology.png]
[solidcoinsfx.world/assets/img/icons/topstar.png]
[solidcoinsfx.world/assets/img/bg/bg_partners.png]
[solidcoinsfx.world/assets/img/bg/number1.png]
[solidcoinsfx.world/assets/img/bg/number2.png]
[solidcoinsfx.world/assets/img/bg/number3.png]
[solidcoinsfx.world/assets/img/bg/number4.png]
[solidcoinsfx.world/assets/img/bg/bg_invest.png]
[solidcoinsfx.world/assets/img/bg/bg_calculator.png]
[solidcoinsfx.world/assets/img/bg/pattern-w.png]
[solidcoinsfx.world/assets/img/bg/line-chart.png]
[solidcoinsfx.world/assets/img/bg/right-quote-sign.png]
[solidcoinsfx.world/assets/img/bg/bg_graph.png]
[solidcoinsfx.world/assets/img/bg/bg_statistics.png]
[solidcoinsfx.world/assets/img/bg/bg_advantages-main2.png]
[solidcoinsfx.world/assets/img/bg/advantage-circle.png]
[solidcoinsfx.world/assets/img/bg/bg_percent2.png]
[solidcoinsfx.world/assets/img/icons/emoticon.png]
[solidcoinsfx.world/assets/img/icons/wallet.png]
[solidcoinsfx.world/assets/img/icons/collaboration.png]
[solidcoinsfx.world/assets/img/icons/percentage-gr.png]
[solidcoinsfx.world/assets/img/bg/bg_cabinet.png]
[solidcoinsfx.world/assets/img/bg/tool.png]
[solidcoinsfx.world/assets/img/icons/lock-g.png]
[solidcoinsfx.world/assets/img/bg/horn.png]
[solidcoinsfx.world/assets/img/icons/link.png]
[solidcoinsfx.world/assets/img/bg/dotted-plan.png]
[solidcoinsfx.world/assets/img/bg/money-red2.png]
[solidcoinsfx.world/assets/img/bg/shadow-plan.png]
[solidcoinsfx.world/assets/img/icons/next-s.png]
[solidcoinsfx.world/assets/css/main.css]
[solidcoinsfx.world/assets/img/iphone/l-active.png]
[solidcoinsfx.world/assets/img/iphone/r-active.png]
[solidcoinsfx.world/assets/img/iphone/iphone.png]
[solidcoinsfx.world/assets/img/icons/right-arrow.png]
[solidcoinsfx.world/assets/img/graph_sprite.png]
[solidcoinsfx.world/assets/css/custom.css]
[solidcoinsfx.world/indexc30b.html]
[solidcoinsfx.world/indexcca3.html]
[solidcoinsfx.world/assets/img/bg/tablet.png]
[solidcoinsfx.world/assets/img/images/img2.jpg]
[solidcoinsfx.world/indexe47e.html]
[solidcoinsfx.world/indexbb17.html]
[solidcoinsfx.world/index38cd.html]
[solidcoinsfx.world/assets/img/bg/news-img.png]
[solidcoinsfx.world/index56ca.html]
[solidcoinsfx.world/index15a0.html]
[solidcoinsfx.world/index489c.html]
[solidcoinsfx.world/assets/img/images/img_invest.png]
[solidcoinsfx.world/indexd470.html]
[solidcoinsfx.world/indexa9cc.html]
[solidcoinsfx.world/indexdb6e.html]
[solidcoinsfx.world/indexc3bf.html]
[solidcoinsfx.world/index952a.html]
[solidcoinsfx.world/assets/libs/fontawesome-free-5.0.8/webfonts/fa-brands-400.html]
[solidcoinsfx.world/assets/libs/fontawesome-free-5.0.8/webfonts/fa-brands-400.svg]
[solidcoinsfx.world/assets/libs/fontawesome-free-5.0.8/webfonts/fa-regular-400.html]
[solidcoinsfx.world/assets/libs/fontawesome-free-5.0.8/webfonts/fa-regular-400d41dd41d.html]
[solidcoinsfx.world/assets/libs/fontawesome-free-5.0.8/webfonts/fa-regular-401.html]
[solidcoinsfx.world/assets/libs/fontawesome-free-5.0.8/webfonts/fa-regular-402.html]
[solidcoinsfx.world/assets/libs/fontawesome-free-5.0.8/webfonts/fa-regular-403.html]
[solidcoinsfx.world/assets/libs/fontawesome-free-5.0.8/webfonts/fa-regular-404.html]
[solidcoinsfx.world/assets/libs/fontawesome-free-5.0.8/webfonts/fa-solid-900.html]
[solidcoinsfx.world/assets/libs/fontawesome-free-5.0.8/webfonts/fa-solid-900d41dd41d.html]
[solidcoinsfx.world/assets/libs/fontawesome-free-5.0.8/webfonts/fa-solid-901.html]
[solidcoinsfx.world/assets/libs/fontawesome-free-5.0.8/webfonts/fa-solid-902.html]
[solidcoinsfx.world/assets/libs/fontawesome-free-5.0.8/webfonts/fa-solid-903.html]
[solidcoinsfx.world/assets/libs/fontawesome-free-5.0.8/webfonts/fa-solid-904.html]
[solidcoinsfx.world/assets/libs/flag-icon/flags/4x3/ad.svg]
[solidcoinsfx.world/assets/libs/flag-icon/flags/1x1/ad.svg]
[solidcoinsfx.world/assets/libs/flag-icon/flags/4x3/ae.svg]
[solidcoinsfx.world/assets/libs/flag-icon/flags/1x1/ae.svg]
[solidcoinsfx.world/assets/libs/flag-icon/flags/4x3/af.svg]
[solidcoinsfx.world/assets/libs/flag-icon/flags/1x1/af.svg]
[solidcoinsfx.world/assets/libs/flag-icon/flags/4x3/ag.svg]
[solidcoinsfx.world/assets/libs/flag-icon/flags/1x1/ag.svg]
[solidcoinsfx.world/assets/libs/flag-icon/flags/4x3/ai.svg]
[solidcoinsfx.world/assets/libs/flag-icon/flags/1x1/ai.svg]
[solidcoinsfx.world/assets/libs/flag-icon/flags/4x3/al.svg]
[solidcoinsfx.world/assets/libs/flag-icon/flags/1x1/al.svg]
[solidcoinsfx.world/assets/libs/flag-icon/flags/4x3/am.svg]
[solidcoinsfx.world/assets/libs/flag-icon/flags/1x1/am.svg]
[solidcoinsfx.world/assets/libs/flag-icon/flags/4x3/ao.svg]
[solidcoinsfx.world/assets/libs/flag-icon/flags/1x1/ao.svg]
[solidcoinsfx.world/assets/libs/flag-icon/flags/4x3/aq.svg]
[solidcoinsfx.world/assets/libs/flag-icon/flags/1x1/aq.svg]
[solidcoinsfx.world/assets/libs/flag-icon/flags/4x3/ar.svg]
[solidcoinsfx.world/assets/libs/flag-icon/flags/1x1/ar.svg]
[solidcoinsfx.world/assets/libs/flag-icon/flags/4x3/as.svg]
[solidcoinsfx.world/assets/libs/flag-icon/flags/1x1/as.svg]
[solidcoinsfx.world/assets/libs/flag-icon/flags/4x3/at.svg]
[solidcoinsfx.world/assets/libs/flag-icon/flags/1x1/at.svg]
[solidcoinsfx.world/assets/libs/flag-icon/flags/4x3/au.svg]
[solidcoinsfx.world/assets/libs/flag-icon/flags/1x1/au.svg]
[solidcoinsfx.world/assets/libs/flag-icon/flags/4x3/aw.svg]
[solidcoinsfx.world/assets/libs/flag-icon/flags/1x1/aw.svg]
[solidcoinsfx.world/assets/libs/flag-icon/flags/4x3/ax.svg]
[solidcoinsfx.world/assets/libs/flag-icon/flags/1x1/ax.svg]
[solidcoinsfx.world/assets/libs/flag-icon/flags/4x3/az.svg]
[solidcoinsfx.world/assets/libs/flag-icon/flags/1x1/az.svg]
[solidcoinsfx.world/assets/libs/flag-icon/flags/4x3/ba.svg]
[solidcoinsfx.world/assets/libs/flag-icon/flags/1x1/ba.svg]
[solidcoinsfx.world/assets/libs/flag-icon/flags/4x3/bb.svg]
[solidcoinsfx.world/assets/libs/flag-icon/flags/1x1/bb.svg]
[solidcoinsfx.world/assets/libs/flag-icon/flags/4x3/bd.svg]
[solidcoinsfx.world/assets/libs/flag-icon/flags/1x1/bd.svg]
[solidcoinsfx.world/assets/libs/flag-icon/flags/4x3/be.svg]
[solidcoinsfx.world/assets/libs/flag-icon/flags/1x1/be.svg]
[solidcoinsfx.world/assets/libs/flag-icon/flags/4x3/bf.svg]
[solidcoinsfx.world/assets/libs/flag-icon/flags/1x1/bf.svg]
[solidcoinsfx.world/assets/libs/flag-icon/flags/4x3/bg.svg]
[solidcoinsfx.world/assets/libs/flag-icon/flags/1x1/bg.svg]
[solidcoinsfx.world/assets/libs/flag-icon/flags/4x3/bh.svg]
[solidcoinsfx.world/assets/libs/flag-icon/flags/1x1/bh.svg]
[solidcoinsfx.world/assets/libs/flag-icon/flags/4x3/bi.svg]
[solidcoinsfx.world/assets/libs/flag-icon/flags/1x1/bi.svg]
[solidcoinsfx.world/assets/libs/flag-icon/flags/4x3/bj.svg]
[solidcoinsfx.world/assets/libs/flag-icon/flags/1x1/bj.svg]
[solidcoinsfx.world/assets/libs/flag-icon/flags/4x3/bl.svg]
[solidcoinsfx.world/assets/libs/flag-icon/flags/1x1/bl.svg]
[solidcoinsfx.world/assets/libs/flag-icon/flags/4x3/bm.svg]
[solidcoinsfx.world/assets/libs/flag-icon/flags/1x1/bm.svg]
[solidcoinsfx.world/assets/libs/flag-icon/flags/4x3/bn.svg]
[solidcoinsfx.world/assets/libs/flag-icon/flags/1x1/bn.svg]
[solidcoinsfx.world/assets/libs/flag-icon/flags/4x3/bo.svg]
[solidcoinsfx.world/assets/libs/flag-icon/flags/1x1/bo.svg]
[solidcoinsfx.world/assets/libs/flag-icon/flags/4x3/bq.svg]
[solidcoinsfx.world/assets/libs/flag-icon/flags/1x1/bq.svg]
[solidcoinsfx.world/assets/libs/flag-icon/flags/4x3/br.svg]
[solidcoinsfx.world/assets/libs/flag-icon/flags/1x1/br.svg]
[solidcoinsfx.world/assets/libs/flag-icon/flags/4x3/bs.svg]
[solidcoinsfx.world/assets/libs/flag-icon/flags/1x1/bs.svg]
[solidcoinsfx.world/assets/libs/flag-icon/flags/4x3/bt.svg]
[solidcoinsfx.world/assets/libs/flag-icon/flags/1x1/bt.svg]
[solidcoinsfx.world/assets/libs/flag-icon/flags/4x3/bv.svg]
[solidcoinsfx.world/assets/libs/flag-icon/flags/1x1/bv.svg]
[solidcoinsfx.world/assets/libs/flag-icon/flags/4x3/bw.svg]
[solidcoinsfx.world/assets/libs/flag-icon/flags/1x1/bw.svg]
[solidcoinsfx.world/assets/libs/flag-icon/flags/4x3/by.svg]
[solidcoinsfx.world/assets/libs/flag-icon/flags/1x1/by.svg]
[solidcoinsfx.world/assets/libs/flag-icon/flags/4x3/bz.svg]
[solidcoinsfx.world/assets/libs/flag-icon/flags/1x1/bz.svg]
[solidcoinsfx.world/assets/libs/flag-icon/flags/4x3/ca.svg]
[solidcoinsfx.world/assets/libs/flag-icon/flags/1x1/ca.svg]
[solidcoinsfx.world/assets/libs/flag-icon/flags/4x3/cc.svg]
[solidcoinsfx.world/assets/libs/flag-icon/flags/1x1/cc.svg]
[solidcoinsfx.world/assets/libs/flag-icon/flags/4x3/cd.svg]
[solidcoinsfx.world/assets/libs/flag-icon/flags/1x1/cd.svg]
[solidcoinsfx.world/assets/libs/flag-icon/flags/4x3/cf.svg]
[solidcoinsfx.world/assets/libs/flag-icon/flags/1x1/cf.svg]
[solidcoinsfx.world/assets/libs/flag-icon/flags/4x3/cg.svg]
[solidcoinsfx.world/assets/libs/flag-icon/flags/1x1/cg.svg]
[solidcoinsfx.world/assets/libs/flag-icon/flags/4x3/ch.svg]
[solidcoinsfx.world/assets/libs/flag-icon/flags/1x1/ch.svg]
[solidcoinsfx.world/assets/libs/flag-icon/flags/4x3/ci.svg]
[solidcoinsfx.world/assets/libs/flag-icon/flags/1x1/ci.svg]
[solidcoinsfx.world/assets/libs/flag-icon/flags/4x3/ck.svg]
[solidcoinsfx.world/assets/libs/flag-icon/flags/1x1/ck.svg]
[solidcoinsfx.world/assets/libs/flag-icon/flags/4x3/cl.svg]
[solidcoinsfx.world/assets/libs/flag-icon/flags/1x1/cl.svg]
[solidcoinsfx.world/assets/libs/flag-icon/flags/4x3/cm.svg]
[solidcoinsfx.world/assets/libs/flag-icon/flags/1x1/cm.svg]
[solidcoinsfx.world/assets/libs/flag-icon/flags/4x3/cn.svg]
[solidcoinsfx.world/assets/libs/flag-icon/flags/1x1/cn.svg]
[solidcoinsfx.world/assets/libs/flag-icon/flags/4x3/co.svg]
[solidcoinsfx.world/assets/libs/flag-icon/flags/1x1/co.svg]
[solidcoinsfx.world/assets/libs/flag-icon/flags/4x3/cr.svg]
[solidcoinsfx.world/assets/libs/flag-icon/flags/1x1/cr.svg]
[solidcoinsfx.world/assets/libs/flag-icon/flags/4x3/cu.svg]
[solidcoinsfx.world/assets/libs/flag-icon/flags/1x1/cu.svg]
[solidcoinsfx.world/assets/libs/flag-icon/flags/4x3/cv.svg]
[solidcoinsfx.world/assets/libs/flag-icon/flags/1x1/cv.svg]
[solidcoinsfx.world/assets/libs/flag-icon/flags/4x3/cw.svg]
[solidcoinsfx.world/assets/libs/flag-icon/flags/1x1/cw.svg]
[solidcoinsfx.world/assets/libs/flag-icon/flags/4x3/cx.svg]
[solidcoinsfx.world/assets/libs/flag-icon/flags/1x1/cx.svg]
[solidcoinsfx.world/assets/libs/flag-icon/flags/4x3/cy.svg]
[solidcoinsfx.world/assets/libs/flag-icon/flags/1x1/cy.svg]
[solidcoinsfx.world/assets/libs/flag-icon/flags/4x3/cz.svg]
[solidcoinsfx.world/assets/libs/flag-icon/flags/1x1/cz.svg]
[solidcoinsfx.world/assets/libs/flag-icon/flags/4x3/de.svg]
[solidcoinsfx.world/assets/libs/flag-icon/flags/1x1/de.svg]
[solidcoinsfx.world/assets/libs/flag-icon/flags/4x3/dj.svg]
[solidcoinsfx.world/assets/libs/flag-icon/flags/1x1/dj.svg]
[solidcoinsfx.world/assets/libs/flag-icon/flags/4x3/dk.svg]
[solidcoinsfx.world/assets/libs/flag-icon/flags/1x1/dk.svg]
[solidcoinsfx.world/assets/libs/flag-icon/flags/4x3/dm.svg]
[solidcoinsfx.world/assets/libs/flag-icon/flags/1x1/dm.svg]
[solidcoinsfx.world/assets/libs/flag-icon/flags/4x3/do.svg]
[solidcoinsfx.world/assets/libs/flag-icon/flags/1x1/do.svg]
[solidcoinsfx.world/assets/libs/flag-icon/flags/4x3/dz.svg]
[solidcoinsfx.world/assets/libs/flag-icon/flags/1x1/dz.svg]
[solidcoinsfx.world/assets/libs/flag-icon/flags/4x3/ec.svg]
[solidcoinsfx.world/assets/libs/flag-icon/flags/1x1/ec.svg]
[solidcoinsfx.world/assets/libs/flag-icon/flags/4x3/ee.svg]
[solidcoinsfx.world/assets/libs/flag-icon/flags/1x1/ee.svg]
[solidcoinsfx.world/assets/libs/flag-icon/flags/4x3/eg.svg]
[solidcoinsfx.world/assets/libs/flag-icon/flags/1x1/eg.svg]
[solidcoinsfx.world/assets/libs/flag-icon/flags/4x3/eh.svg]
[solidcoinsfx.world/assets/libs/flag-icon/flags/1x1/eh.svg]
[solidcoinsfx.world/assets/libs/flag-icon/flags/4x3/er.svg]
[solidcoinsfx.world/assets/libs/flag-icon/flags/1x1/er.svg]
[solidcoinsfx.world/assets/libs/flag-icon/flags/4x3/es.svg]
[solidcoinsfx.world/assets/libs/flag-icon/flags/1x1/es.svg]
[solidcoinsfx.world/assets/libs/flag-icon/flags/4x3/et.svg]
[solidcoinsfx.world/assets/libs/flag-icon/flags/1x1/et.svg]
[solidcoinsfx.world/assets/libs/flag-icon/flags/4x3/fi.svg]
[solidcoinsfx.world/assets/libs/flag-icon/flags/1x1/fi.svg]
[solidcoinsfx.world/assets/libs/flag-icon/flags/4x3/fj.svg]
[solidcoinsfx.world/assets/libs/flag-icon/flags/1x1/fj.svg]
[solidcoinsfx.world/assets/libs/flag-icon/flags/4x3/fk.svg]
[solidcoinsfx.world/assets/libs/flag-icon/flags/1x1/fk.svg]
[solidcoinsfx.world/assets/libs/flag-icon/flags/4x3/fm.svg]
[solidcoinsfx.world/assets/libs/flag-icon/flags/1x1/fm.svg]
[solidcoinsfx.world/assets/libs/flag-icon/flags/4x3/fo.svg]
[solidcoinsfx.world/assets/libs/flag-icon/flags/1x1/fo.svg]
[solidcoinsfx.world/assets/libs/flag-icon/flags/4x3/fr.svg]
[solidcoinsfx.world/assets/libs/flag-icon/flags/1x1/fr.svg]
[solidcoinsfx.world/assets/libs/flag-icon/flags/4x3/ga.svg]
[solidcoinsfx.world/assets/libs/flag-icon/flags/1x1/ga.svg]
[solidcoinsfx.world/assets/libs/flag-icon/flags/4x3/gb.svg]
[solidcoinsfx.world/assets/libs/flag-icon/flags/1x1/gb.svg]
[solidcoinsfx.world/assets/libs/flag-icon/flags/4x3/gd.svg]
[solidcoinsfx.world/assets/libs/flag-icon/flags/1x1/gd.svg]
[solidcoinsfx.world/assets/libs/flag-icon/flags/4x3/ge.svg]
[solidcoinsfx.world/assets/libs/flag-icon/flags/1x1/ge.svg]
[solidcoinsfx.world/assets/libs/flag-icon/flags/4x3/gf.svg]
[solidcoinsfx.world/assets/libs/flag-icon/flags/1x1/gf.svg]
[solidcoinsfx.world/assets/libs/flag-icon/flags/4x3/gg.svg]
[solidcoinsfx.world/assets/libs/flag-icon/flags/1x1/gg.svg]
[solidcoinsfx.world/assets/libs/flag-icon/flags/4x3/gh.svg]
[solidcoinsfx.world/assets/libs/flag-icon/flags/1x1/gh.svg]
[solidcoinsfx.world/assets/libs/flag-icon/flags/4x3/gi.svg]
[solidcoinsfx.world/assets/libs/flag-icon/flags/1x1/gi.svg]
[solidcoinsfx.world/assets/libs/flag-icon/flags/4x3/gl.svg]
[solidcoinsfx.world/assets/libs/flag-icon/flags/1x1/gl.svg]
[solidcoinsfx.world/assets/libs/flag-icon/flags/4x3/gm.svg]
[solidcoinsfx.world/assets/libs/flag-icon/flags/1x1/gm.svg]
[solidcoinsfx.world/assets/libs/flag-icon/flags/4x3/gn.svg]
[solidcoinsfx.world/assets/libs/flag-icon/flags/1x1/gn.svg]
[solidcoinsfx.world/assets/libs/flag-icon/flags/4x3/gp.svg]
[solidcoinsfx.world/assets/libs/flag-icon/flags/1x1/gp.svg]
[solidcoinsfx.world/assets/libs/flag-icon/flags/4x3/gq.svg]
[solidcoinsfx.world/assets/libs/flag-icon/flags/1x1/gq.svg]
[solidcoinsfx.world/assets/libs/flag-icon/flags/4x3/gr.svg]
[solidcoinsfx.world/assets/libs/flag-icon/flags/1x1/gr.svg]
[solidcoinsfx.world/assets/libs/flag-icon/flags/4x3/gs.svg]
[solidcoinsfx.world/assets/libs/flag-icon/flags/1x1/gs.svg]
[solidcoinsfx.world/assets/libs/flag-icon/flags/4x3/gt.svg]
[solidcoinsfx.world/assets/libs/flag-icon/flags/1x1/gt.svg]
[solidcoinsfx.world/assets/libs/flag-icon/flags/4x3/gu.svg]
[solidcoinsfx.world/assets/libs/flag-icon/flags/1x1/gu.svg]
[solidcoinsfx.world/assets/libs/flag-icon/flags/4x3/gw.svg]
[solidcoinsfx.world/assets/libs/flag-icon/flags/1x1/gw.svg]
[solidcoinsfx.world/assets/libs/flag-icon/flags/4x3/gy.svg]
[solidcoinsfx.world/assets/libs/flag-icon/flags/1x1/gy.svg]
[solidcoinsfx.world/assets/libs/flag-icon/flags/4x3/hk.svg]
[solidcoinsfx.world/assets/libs/flag-icon/flags/1x1/hk.svg]
[solidcoinsfx.world/assets/libs/flag-icon/flags/4x3/hm.svg]
[solidcoinsfx.world/assets/libs/flag-icon/flags/1x1/hm.svg]
[solidcoinsfx.world/assets/libs/flag-icon/flags/4x3/hn.svg]
[solidcoinsfx.world/assets/libs/flag-icon/flags/1x1/hn.svg]
[solidcoinsfx.world/assets/libs/flag-icon/flags/4x3/hr.svg]
[solidcoinsfx.world/assets/libs/flag-icon/flags/1x1/hr.svg]
[solidcoinsfx.world/assets/libs/flag-icon/flags/4x3/ht.svg]
[solidcoinsfx.world/assets/libs/flag-icon/flags/1x1/ht.svg]
[solidcoinsfx.world/assets/libs/flag-icon/flags/4x3/hu.svg]
[solidcoinsfx.world/assets/libs/flag-icon/flags/1x1/hu.svg]
[solidcoinsfx.world/assets/libs/flag-icon/flags/4x3/id.svg]
[solidcoinsfx.world/assets/libs/flag-icon/flags/1x1/id.svg]
[solidcoinsfx.world/assets/libs/flag-icon/flags/4x3/ie.svg]
[solidcoinsfx.world/assets/libs/flag-icon/flags/1x1/ie.svg]
[solidcoinsfx.world/assets/libs/flag-icon/flags/4x3/il.svg]
[solidcoinsfx.world/assets/libs/flag-icon/flags/1x1/il.svg]
[solidcoinsfx.world/assets/libs/flag-icon/flags/4x3/im.svg]
[solidcoinsfx.world/assets/libs/flag-icon/flags/1x1/im.svg]
[solidcoinsfx.world/assets/libs/flag-icon/flags/4x3/in.svg]
[solidcoinsfx.world/assets/libs/flag-icon/flags/1x1/in.svg]
[solidcoinsfx.world/assets/libs/flag-icon/flags/4x3/io.svg]
[solidcoinsfx.world/assets/libs/flag-icon/flags/1x1/io.svg]
[solidcoinsfx.world/assets/libs/flag-icon/flags/4x3/iq.svg]
[solidcoinsfx.world/assets/libs/flag-icon/flags/1x1/iq.svg]
[solidcoinsfx.world/assets/libs/flag-icon/flags/4x3/ir.svg]
[solidcoinsfx.world/assets/libs/flag-icon/flags/1x1/ir.svg]
[solidcoinsfx.world/assets/libs/flag-icon/flags/4x3/is.svg]
[solidcoinsfx.world/assets/libs/flag-icon/flags/4x3/it.svg]
[solidcoinsfx.world/assets/libs/flag-icon/flags/1x1/it.svg]
[solidcoinsfx.world/assets/libs/flag-icon/flags/4x3/je.svg]
[solidcoinsfx.world/assets/libs/flag-icon/flags/1x1/je.svg]
[solidcoinsfx.world/assets/libs/flag-icon/flags/4x3/jm.svg]
[solidcoinsfx.world/assets/libs/flag-icon/flags/1x1/jm.svg]
[solidcoinsfx.world/assets/libs/flag-icon/flags/4x3/jo.svg]
[solidcoinsfx.world/assets/libs/flag-icon/flags/1x1/jo.svg]
[solidcoinsfx.world/assets/libs/flag-icon/flags/4x3/jp.svg]
[solidcoinsfx.world/assets/libs/flag-icon/flags/1x1/jp.svg]
[solidcoinsfx.world/assets/libs/flag-icon/flags/4x3/ke.svg]
[solidcoinsfx.world/assets/libs/flag-icon/flags/1x1/ke.svg]
[solidcoinsfx.world/assets/libs/flag-icon/flags/4x3/kg.svg]
[solidcoinsfx.world/assets/libs/flag-icon/flags/1x1/kg.svg]
[solidcoinsfx.world/assets/libs/flag-icon/flags/4x3/kh.svg]
[solidcoinsfx.world/assets/libs/flag-icon/flags/1x1/kh.svg]
[solidcoinsfx.world/assets/libs/flag-icon/flags/4x3/ki.svg]
[solidcoinsfx.world/assets/libs/flag-icon/flags/1x1/ki.svg]
[solidcoinsfx.world/assets/libs/flag-icon/flags/4x3/km.svg]
[solidcoinsfx.world/assets/libs/flag-icon/flags/1x1/km.svg]
[solidcoinsfx.world/assets/libs/flag-icon/flags/4x3/kn.svg]
[solidcoinsfx.world/assets/libs/flag-icon/flags/1x1/kn.svg]
[solidcoinsfx.world/assets/libs/flag-icon/flags/4x3/kp.svg]
[solidcoinsfx.world/assets/libs/flag-icon/flags/1x1/kp.svg]
[solidcoinsfx.world/assets/libs/flag-icon/flags/4x3/kr.svg]
[solidcoinsfx.world/assets/libs/flag-icon/flags/1x1/kr.svg]
[solidcoinsfx.world/assets/libs/flag-icon/flags/4x3/kw.svg]
[solidcoinsfx.world/assets/libs/flag-icon/flags/1x1/kw.svg]
[solidcoinsfx.world/assets/libs/flag-icon/flags/4x3/ky.svg]
[solidcoinsfx.world/assets/libs/flag-icon/flags/1x1/ky.svg]
[solidcoinsfx.world/assets/libs/flag-icon/flags/4x3/kz.svg]
[solidcoinsfx.world/assets/libs/flag-icon/flags/1x1/kz.svg]
[solidcoinsfx.world/assets/libs/flag-icon/flags/4x3/la.svg]
[solidcoinsfx.world/assets/libs/flag-icon/flags/1x1/la.svg]
[solidcoinsfx.world/assets/libs/flag-icon/flags/4x3/lb.svg]
[solidcoinsfx.world/assets/libs/flag-icon/flags/1x1/lb.svg]
[solidcoinsfx.world/assets/libs/flag-icon/flags/4x3/lc.svg]
[solidcoinsfx.world/assets/libs/flag-icon/flags/1x1/lc.svg]
[solidcoinsfx.world/assets/libs/flag-icon/flags/4x3/li.svg]
[solidcoinsfx.world/assets/libs/flag-icon/flags/1x1/li.svg]
[solidcoinsfx.world/assets/libs/flag-icon/flags/4x3/lk.svg]
[solidcoinsfx.world/assets/libs/flag-icon/flags/1x1/lk.svg]
[solidcoinsfx.world/assets/libs/flag-icon/flags/4x3/lr.svg]
[solidcoinsfx.world/assets/libs/flag-icon/flags/1x1/lr.svg]
[solidcoinsfx.world/assets/libs/flag-icon/flags/4x3/ls.svg]
[solidcoinsfx.world/assets/libs/flag-icon/flags/1x1/ls.svg]
[solidcoinsfx.world/assets/libs/flag-icon/flags/4x3/lt.svg]
[solidcoinsfx.world/assets/libs/flag-icon/flags/1x1/lt.svg]
[solidcoinsfx.world/assets/libs/flag-icon/flags/4x3/lu.svg]
[solidcoinsfx.world/assets/libs/flag-icon/flags/1x1/lu.svg]
[solidcoinsfx.world/assets/libs/flag-icon/flags/4x3/lv.svg]
[solidcoinsfx.world/assets/libs/flag-icon/flags/1x1/lv.svg]
[solidcoinsfx.world/assets/libs/flag-icon/flags/4x3/ly.svg]
[solidcoinsfx.world/assets/libs/flag-icon/flags/1x1/ly.svg]
[solidcoinsfx.world/assets/libs/flag-icon/flags/4x3/ma.svg]
[solidcoinsfx.world/assets/libs/flag-icon/flags/1x1/ma.svg]
[solidcoinsfx.world/assets/libs/flag-icon/flags/4x3/mc.svg]
[solidcoinsfx.world/assets/libs/flag-icon/flags/1x1/mc.svg]
[solidcoinsfx.world/assets/libs/flag-icon/flags/4x3/md.svg]
[solidcoinsfx.world/assets/libs/flag-icon/flags/1x1/md.svg]
[solidcoinsfx.world/assets/libs/flag-icon/flags/4x3/me.svg]
[solidcoinsfx.world/assets/libs/flag-icon/flags/1x1/me.svg]
[solidcoinsfx.world/assets/libs/flag-icon/flags/4x3/mf.svg]
[solidcoinsfx.world/assets/libs/flag-icon/flags/1x1/mf.svg]
[solidcoinsfx.world/assets/libs/flag-icon/flags/1x1/mg.svg]
[solidcoinsfx.world/assets/libs/flag-icon/flags/4x3/mh.svg]
[solidcoinsfx.world/assets/libs/flag-icon/flags/1x1/mh.svg]
[solidcoinsfx.world/assets/libs/flag-icon/flags/4x3/mk.svg]
[solidcoinsfx.world/assets/libs/flag-icon/flags/1x1/mk.svg]
[solidcoinsfx.world/assets/libs/flag-icon/flags/4x3/ml.svg]
[solidcoinsfx.world/assets/libs/flag-icon/flags/1x1/ml.svg]
[solidcoinsfx.world/assets/libs/flag-icon/flags/4x3/mm.svg]
[solidcoinsfx.world/assets/libs/flag-icon/flags/1x1/mm.svg]
[solidcoinsfx.world/assets/libs/flag-icon/flags/4x3/mn.svg]
[solidcoinsfx.world/assets/libs/flag-icon/flags/1x1/mn.svg]
[solidcoinsfx.world/assets/libs/flag-icon/flags/4x3/mo.svg]
[solidcoinsfx.world/assets/libs/flag-icon/flags/1x1/mo.svg]
[solidcoinsfx.world/assets/libs/flag-icon/flags/4x3/mp.svg]
[solidcoinsfx.world/assets/libs/flag-icon/flags/1x1/mp.svg]
[solidcoinsfx.world/assets/libs/flag-icon/flags/4x3/mq.svg]
[solidcoinsfx.world/assets/libs/flag-icon/flags/1x1/mq.svg]
[solidcoinsfx.world/assets/libs/flag-icon/flags/4x3/mr.svg]
[solidcoinsfx.world/assets/libs/flag-icon/flags/1x1/mr.svg]
[solidcoinsfx.world/assets/libs/flag-icon/flags/4x3/ms.svg]
[solidcoinsfx.world/assets/libs/flag-icon/flags/1x1/ms.svg]
[solidcoinsfx.world/assets/libs/flag-icon/flags/4x3/mt.svg]
[solidcoinsfx.world/assets/libs/flag-icon/flags/1x1/mt.svg]
[solidcoinsfx.world/assets/libs/flag-icon/flags/4x3/mu.svg]
[solidcoinsfx.world/assets/libs/flag-icon/flags/1x1/mu.svg]
[solidcoinsfx.world/assets/libs/flag-icon/flags/4x3/mv.svg]
[solidcoinsfx.world/assets/libs/flag-icon/flags/1x1/mv.svg]
[solidcoinsfx.world/assets/libs/flag-icon/flags/4x3/mw.svg]
[solidcoinsfx.world/assets/libs/flag-icon/flags/1x1/mw.svg]
[solidcoinsfx.world/assets/libs/flag-icon/flags/4x3/mx.svg]
[solidcoinsfx.world/assets/libs/flag-icon/flags/1x1/mx.svg]
[solidcoinsfx.world/assets/libs/flag-icon/flags/4x3/my.svg]
[solidcoinsfx.world/assets/libs/flag-icon/flags/1x1/my.svg]
[solidcoinsfx.world/assets/libs/flag-icon/flags/4x3/mz.svg]
[solidcoinsfx.world/assets/libs/flag-icon/flags/1x1/mz.svg]
[solidcoinsfx.world/assets/libs/flag-icon/flags/4x3/na.svg]
[solidcoinsfx.world/assets/libs/flag-icon/flags/1x1/na.svg]
[solidcoinsfx.world/assets/libs/flag-icon/flags/4x3/nc.svg]
[solidcoinsfx.world/assets/libs/flag-icon/flags/1x1/nc.svg]
[solidcoinsfx.world/assets/libs/flag-icon/flags/4x3/ne.svg]
[solidcoinsfx.world/assets/libs/flag-icon/flags/1x1/ne.svg]
[solidcoinsfx.world/assets/libs/flag-icon/flags/4x3/nf.svg]
[solidcoinsfx.world/assets/libs/flag-icon/flags/1x1/nf.svg]
[solidcoinsfx.world/assets/libs/flag-icon/flags/4x3/ng.svg]
[solidcoinsfx.world/assets/libs/flag-icon/flags/1x1/ng.svg]
[solidcoinsfx.world/assets/libs/flag-icon/flags/4x3/ni.svg]
[solidcoinsfx.world/assets/libs/flag-icon/flags/1x1/ni.svg]
[solidcoinsfx.world/assets/libs/flag-icon/flags/4x3/nl.svg]
[solidcoinsfx.world/assets/libs/flag-icon/flags/1x1/nl.svg]
[solidcoinsfx.world/assets/libs/flag-icon/flags/4x3/no.svg]
[solidcoinsfx.world/assets/libs/flag-icon/flags/1x1/no.svg]
[solidcoinsfx.world/assets/libs/flag-icon/flags/4x3/np.svg]
[solidcoinsfx.world/assets/libs/flag-icon/flags/1x1/np.svg]
[solidcoinsfx.world/assets/libs/flag-icon/flags/4x3/nr.svg]
[solidcoinsfx.world/assets/libs/flag-icon/flags/1x1/nr.svg]
[solidcoinsfx.world/assets/libs/flag-icon/flags/4x3/nu.svg]
[solidcoinsfx.world/assets/libs/flag-icon/flags/1x1/nu.svg]
[solidcoinsfx.world/assets/libs/flag-icon/flags/4x3/nz.svg]
[solidcoinsfx.world/assets/libs/flag-icon/flags/1x1/nz.svg]
[solidcoinsfx.world/assets/libs/flag-icon/flags/4x3/om.svg]
[solidcoinsfx.world/assets/libs/flag-icon/flags/1x1/om.svg]
[solidcoinsfx.world/assets/libs/flag-icon/flags/4x3/pa.svg]
[solidcoinsfx.world/assets/libs/flag-icon/flags/1x1/pa.svg]
[solidcoinsfx.world/assets/libs/flag-icon/flags/4x3/pe.svg]
[solidcoinsfx.world/assets/libs/flag-icon/flags/1x1/pe.svg]
[solidcoinsfx.world/assets/libs/flag-icon/flags/4x3/pf.svg]
[solidcoinsfx.world/assets/libs/flag-icon/flags/1x1/pf.svg]
[solidcoinsfx.world/assets/libs/flag-icon/flags/4x3/pg.svg]
[solidcoinsfx.world/assets/libs/flag-icon/flags/1x1/pg.svg]
[solidcoinsfx.world/assets/libs/flag-icon/flags/4x3/ph.svg]
[solidcoinsfx.world/assets/libs/flag-icon/flags/1x1/ph.svg]
[solidcoinsfx.world/assets/libs/flag-icon/flags/4x3/pk.svg]
[solidcoinsfx.world/assets/libs/flag-icon/flags/1x1/pk.svg]
[solidcoinsfx.world/assets/libs/flag-icon/flags/4x3/pl.svg]
[solidcoinsfx.world/assets/libs/flag-icon/flags/1x1/pl.svg]
[solidcoinsfx.world/assets/libs/flag-icon/flags/4x3/pm.svg]
[solidcoinsfx.world/assets/libs/flag-icon/flags/1x1/pm.svg]
[solidcoinsfx.world/assets/libs/flag-icon/flags/4x3/pn.svg]
[solidcoinsfx.world/assets/libs/flag-icon/flags/1x1/pn.svg]
[solidcoinsfx.world/assets/libs/flag-icon/flags/4x3/pr.svg]
[solidcoinsfx.world/assets/libs/flag-icon/flags/1x1/pr.svg]
[solidcoinsfx.world/assets/libs/flag-icon/flags/4x3/ps.svg]
[solidcoinsfx.world/assets/libs/flag-icon/flags/1x1/ps.svg]
[solidcoinsfx.world/assets/libs/flag-icon/flags/4x3/pt.svg]
[solidcoinsfx.world/assets/libs/flag-icon/flags/1x1/pt.svg]
[solidcoinsfx.world/assets/libs/flag-icon/flags/4x3/pw.svg]
[solidcoinsfx.world/assets/libs/flag-icon/flags/1x1/pw.svg]
[solidcoinsfx.world/assets/libs/flag-icon/flags/4x3/py.svg]
[solidcoinsfx.world/assets/libs/flag-icon/flags/1x1/py.svg]
[solidcoinsfx.world/assets/libs/flag-icon/flags/4x3/qa.svg]
[solidcoinsfx.world/assets/libs/flag-icon/flags/1x1/qa.svg]
[solidcoinsfx.world/assets/libs/flag-icon/flags/4x3/re.svg]
[solidcoinsfx.world/assets/libs/flag-icon/flags/1x1/re.svg]
[solidcoinsfx.world/assets/libs/flag-icon/flags/4x3/ro.svg]
[solidcoinsfx.world/assets/libs/flag-icon/flags/1x1/ro.svg]
[solidcoinsfx.world/assets/libs/flag-icon/flags/4x3/rs.svg]
[solidcoinsfx.world/assets/libs/flag-icon/flags/1x1/rs.svg]
[solidcoinsfx.world/assets/libs/flag-icon/flags/4x3/ru.svg]
[solidcoinsfx.world/assets/libs/flag-icon/flags/1x1/ru.svg]
[solidcoinsfx.world/assets/libs/flag-icon/flags/4x3/rw.svg]
[solidcoinsfx.world/assets/libs/flag-icon/flags/1x1/rw.svg]
[solidcoinsfx.world/assets/libs/flag-icon/flags/4x3/sa.svg]
[solidcoinsfx.world/assets/libs/flag-icon/flags/1x1/sa.svg]
[solidcoinsfx.world/assets/libs/flag-icon/flags/4x3/sb.svg]
[solidcoinsfx.world/assets/libs/flag-icon/flags/1x1/sb.svg]
[solidcoinsfx.world/assets/libs/flag-icon/flags/4x3/sc.svg]
[solidcoinsfx.world/assets/libs/flag-icon/flags/1x1/sc.svg]
[solidcoinsfx.world/assets/libs/flag-icon/flags/4x3/sd.svg]
[solidcoinsfx.world/assets/libs/flag-icon/flags/1x1/sd.svg]
[solidcoinsfx.world/assets/libs/flag-icon/flags/4x3/se.svg]
[solidcoinsfx.world/assets/libs/flag-icon/flags/1x1/se.svg]
[solidcoinsfx.world/assets/libs/flag-icon/flags/4x3/sg.svg]
[solidcoinsfx.world/assets/libs/flag-icon/flags/1x1/sg.svg]
[solidcoinsfx.world/assets/libs/flag-icon/flags/4x3/sh.svg]
[solidcoinsfx.world/assets/libs/flag-icon/flags/1x1/sh.svg]
[solidcoinsfx.world/assets/libs/flag-icon/flags/4x3/si.svg]
[solidcoinsfx.world/assets/libs/flag-icon/flags/1x1/si.svg]
[solidcoinsfx.world/assets/libs/flag-icon/flags/4x3/sj.svg]
[solidcoinsfx.world/assets/libs/flag-icon/flags/1x1/sj.svg]
[solidcoinsfx.world/assets/libs/flag-icon/flags/4x3/sk.svg]
[solidcoinsfx.world/assets/libs/flag-icon/flags/1x1/sk.svg]
[solidcoinsfx.world/assets/libs/flag-icon/flags/4x3/sl.svg]
[solidcoinsfx.world/assets/libs/flag-icon/flags/1x1/sl.svg]
[solidcoinsfx.world/assets/libs/flag-icon/flags/4x3/sm.svg]
[solidcoinsfx.world/assets/libs/flag-icon/flags/1x1/sm.svg]
[solidcoinsfx.world/assets/libs/flag-icon/flags/4x3/sn.svg]
[solidcoinsfx.world/assets/libs/flag-icon/flags/1x1/sn.svg]
[solidcoinsfx.world/assets/libs/flag-icon/flags/4x3/so.svg]
[solidcoinsfx.world/assets/libs/flag-icon/flags/1x1/so.svg]
[solidcoinsfx.world/assets/libs/flag-icon/flags/4x3/sr.svg]
[solidcoinsfx.world/assets/libs/flag-icon/flags/1x1/sr.svg]
[solidcoinsfx.world/assets/libs/flag-icon/flags/4x3/ss.svg]
[solidcoinsfx.world/assets/libs/flag-icon/flags/1x1/ss.svg]
[solidcoinsfx.world/assets/libs/flag-icon/flags/4x3/st.svg]
[solidcoinsfx.world/assets/libs/flag-icon/flags/1x1/st.svg]
[solidcoinsfx.world/assets/libs/flag-icon/flags/4x3/sv.svg]
[solidcoinsfx.world/assets/libs/flag-icon/flags/1x1/sv.svg]
[solidcoinsfx.world/assets/libs/flag-icon/flags/4x3/sx.svg]
[solidcoinsfx.world/assets/libs/flag-icon/flags/1x1/sx.svg]
[solidcoinsfx.world/assets/libs/flag-icon/flags/4x3/sy.svg]
[solidcoinsfx.world/assets/libs/flag-icon/flags/1x1/sy.svg]
[solidcoinsfx.world/assets/libs/flag-icon/flags/4x3/sz.svg]
[solidcoinsfx.world/assets/libs/flag-icon/flags/1x1/sz.svg]
[solidcoinsfx.world/assets/libs/flag-icon/flags/4x3/tc.svg]
[solidcoinsfx.world/assets/libs/flag-icon/flags/1x1/tc.svg]
[solidcoinsfx.world/assets/libs/flag-icon/flags/4x3/td.svg]
[solidcoinsfx.world/assets/libs/flag-icon/flags/1x1/td.svg]
[solidcoinsfx.world/assets/libs/flag-icon/flags/4x3/tf.svg]
[solidcoinsfx.world/assets/libs/flag-icon/flags/1x1/tf.svg]
[solidcoinsfx.world/assets/libs/flag-icon/flags/4x3/tg.svg]
[solidcoinsfx.world/assets/libs/flag-icon/flags/1x1/tg.svg]
[solidcoinsfx.world/assets/libs/flag-icon/flags/4x3/th.svg]
[solidcoinsfx.world/assets/libs/flag-icon/flags/1x1/th.svg]
[solidcoinsfx.world/assets/libs/flag-icon/flags/4x3/tj.svg]
[solidcoinsfx.world/assets/libs/flag-icon/flags/1x1/tj.svg]
[solidcoinsfx.world/assets/libs/flag-icon/flags/4x3/tk.svg]
[solidcoinsfx.world/assets/libs/flag-icon/flags/1x1/tk.svg]
[solidcoinsfx.world/assets/libs/flag-icon/flags/4x3/tl.svg]
[solidcoinsfx.world/assets/libs/flag-icon/flags/1x1/tl.svg]
[solidcoinsfx.world/assets/libs/flag-icon/flags/4x3/tm.svg]
[solidcoinsfx.world/assets/libs/flag-icon/flags/1x1/tm.svg]
[solidcoinsfx.world/assets/libs/flag-icon/flags/4x3/tn.svg]
[solidcoinsfx.world/assets/libs/flag-icon/flags/1x1/tn.svg]
[solidcoinsfx.world/assets/libs/flag-icon/flags/4x3/to.svg]
[solidcoinsfx.world/assets/libs/flag-icon/flags/1x1/to.svg]
[solidcoinsfx.world/assets/libs/flag-icon/flags/4x3/tr.svg]
[solidcoinsfx.world/assets/libs/flag-icon/flags/1x1/tr.svg]
[solidcoinsfx.world/assets/libs/flag-icon/flags/4x3/tt.svg]
[solidcoinsfx.world/assets/libs/flag-icon/flags/1x1/tt.svg]
[solidcoinsfx.world/assets/libs/flag-icon/flags/4x3/tv.svg]
[solidcoinsfx.world/assets/libs/flag-icon/flags/1x1/tv.svg]
[solidcoinsfx.world/assets/libs/flag-icon/flags/4x3/tw.svg]
[solidcoinsfx.world/assets/libs/flag-icon/flags/1x1/tw.svg]
[solidcoinsfx.world/assets/libs/flag-icon/flags/4x3/tz.svg]
[solidcoinsfx.world/assets/libs/flag-icon/flags/1x1/tz.svg]
[solidcoinsfx.world/assets/libs/flag-icon/flags/4x3/ua.svg]
[solidcoinsfx.world/assets/libs/flag-icon/flags/1x1/ua.svg]
[solidcoinsfx.world/assets/libs/flag-icon/flags/4x3/ug.svg]
[solidcoinsfx.world/assets/libs/flag-icon/flags/1x1/ug.svg]
[solidcoinsfx.world/assets/libs/flag-icon/flags/4x3/um.svg]
[solidcoinsfx.world/assets/libs/flag-icon/flags/1x1/um.svg]
[solidcoinsfx.world/assets/libs/flag-icon/flags/4x3/us.svg]
[solidcoinsfx.world/assets/libs/flag-icon/flags/1x1/uz.svg]
[solidcoinsfx.world/assets/libs/flag-icon/flags/4x3/va.svg]
[solidcoinsfx.world/assets/libs/flag-icon/flags/1x1/va.svg]
[solidcoinsfx.world/assets/libs/flag-icon/flags/4x3/vc.svg]
[solidcoinsfx.world/assets/libs/flag-icon/flags/1x1/vc.svg]
[solidcoinsfx.world/assets/libs/flag-icon/flags/4x3/ve.svg]
[solidcoinsfx.world/assets/libs/flag-icon/flags/1x1/ve.svg]
[solidcoinsfx.world/assets/libs/flag-icon/flags/4x3/vg.svg]
[solidcoinsfx.world/assets/libs/flag-icon/flags/1x1/vg.svg]
[solidcoinsfx.world/assets/libs/flag-icon/flags/4x3/vi.svg]
[solidcoinsfx.world/assets/libs/flag-icon/flags/1x1/vi.svg]
[solidcoinsfx.world/assets/libs/flag-icon/flags/4x3/vn.svg]
[solidcoinsfx.world/assets/libs/flag-icon/flags/1x1/vu.svg]
[solidcoinsfx.world/assets/libs/flag-icon/flags/4x3/wf.svg]
[solidcoinsfx.world/assets/libs/flag-icon/flags/1x1/wf.svg]
[solidcoinsfx.world/assets/libs/flag-icon/flags/4x3/ws.svg]
[solidcoinsfx.world/assets/libs/flag-icon/flags/1x1/ws.svg]
[solidcoinsfx.world/assets/libs/flag-icon/flags/4x3/ye.svg]
[solidcoinsfx.world/assets/libs/flag-icon/flags/1x1/ye.svg]
[solidcoinsfx.world/assets/libs/flag-icon/flags/4x3/yt.svg]
[solidcoinsfx.world/assets/libs/flag-icon/flags/1x1/yt.svg]
[solidcoinsfx.world/assets/libs/flag-icon/flags/4x3/za.svg]
[solidcoinsfx.world/assets/libs/flag-icon/flags/1x1/za.svg]
[solidcoinsfx.world/assets/libs/flag-icon/flags/4x3/zm.svg]
[solidcoinsfx.world/assets/libs/flag-icon/flags/1x1/zm.svg]
[solidcoinsfx.world/assets/libs/flag-icon/flags/4x3/zw.svg]
[solidcoinsfx.world/assets/libs/flag-icon/flags/1x1/zw.svg]
[solidcoinsfx.world/assets/libs/flag-icon/flags/4x3/es-ct.svg]
[solidcoinsfx.world/assets/libs/flag-icon/flags/1x1/es-ct.svg]
[solidcoinsfx.world/assets/libs/flag-icon/flags/4x3/eu.svg]
[solidcoinsfx.world/assets/libs/flag-icon/flags/1x1/eu.svg]
[solidcoinsfx.world/assets/libs/flag-icon/flags/4x3/gb-eng.svg]
[solidcoinsfx.world/assets/libs/flag-icon/flags/1x1/gb-eng.svg]
[solidcoinsfx.world/assets/libs/flag-icon/flags/4x3/gb-nir.svg]
[solidcoinsfx.world/assets/libs/flag-icon/flags/1x1/gb-nir.svg]
[solidcoinsfx.world/assets/libs/flag-icon/flags/4x3/gb-sct.svg]
[solidcoinsfx.world/assets/libs/flag-icon/flags/1x1/gb-sct.svg]
[solidcoinsfx.world/assets/libs/flag-icon/flags/4x3/gb-wls.svg]
[solidcoinsfx.world/assets/libs/flag-icon/flags/1x1/gb-wls.svg]
[solidcoinsfx.world/assets/libs/flag-icon/flags/4x3/un.svg]
[solidcoinsfx.world/assets/libs/flag-icon/flags/1x1/un.svg]
[solidcoinsfx.world/assets/libs/slick/fonts/slick.html]
[solidcoinsfx.world/assets/libs/slick/fonts/slickd41dd41d.html]
[solidcoinsfx.world/assets/libs/slick/fonts/slick-2.html]
[solidcoinsfx.world/assets/libs/slick/fonts/slick-3.html]
[solidcoinsfx.world/assets/libs/slick/fonts/slick-4.html]
[solidcoinsfx.world/assets/fonts/movavi-grotesque-black/movavi-grotesque-black.svg]
[solidcoinsfx.world/assets/fonts/OpenSansBold/OpenSansBold.svg]
[solidcoinsfx.world/assets/fonts/OpenSansRegular/OpenSansRegular.svg]
[solidcoinsfx.world/assets/fonts/OpenSansLight/OpenSansLight.svg]
[solidcoinsfx.world/assets/fonts/OpenSansSemiBold/OpenSansSemiBold.svg]
[solidcoinsfx.world/assets/fonts/OpenSansExtraBold/OpenSansExtraBold.svg]
[solidcoinsfx.world/index8083.html]
[solidcoinsfx.world/assets/images/ps/i.html]
[solidcoinsfx.world/indexa972.html]
[solidcoinsfx.world/assets/img/images/img5.html]
[solidcoinsfx.world/assets/img/images/certificate.html]
[solidcoinsfx.world/assets/pdf/certificate.html]
[solidcoinsfx.world/assets/libs/flag-icon/flags/1x1/is.svg]
[solidcoinsfx.world/assets/libs/flag-icon/flags/4x3/mg.svg]
[solidcoinsfx.world/assets/libs/flag-icon/flags/1x1/us.svg]
[solidcoinsfx.world/assets/libs/flag-icon/flags/4x3/uy.svg]
[solidcoinsfx.world/assets/libs/flag-icon/flags/1x1/uy.svg]
[solidcoinsfx.world/assets/libs/flag-icon/flags/4x3/uz.svg]
[solidcoinsfx.world/assets/libs/flag-icon/flags/1x1/vn.svg]
[solidcoinsfx.world/assets/libs/flag-icon/flags/4x3/vu.svg]
[solidcoinsfx.world/assets/img/bg/bg_plan2.png]
[solidcoinsfx.world/assets/img/bg/money2.png]
